// Jest Snapshot v1, https://goo.gl/fbAQLP

exports[`App should match snapshot 1`] = `
<main
  className="main"
>
  <header
    className="header"
  >
    <h1>
      Welcome to Palette Picker
    </h1>
    <div
      className="update-project-name"
    >
      <p>
        asdf
      </p>
      <img
        alt="edit"
        className="edit-button"
        onClick={[Function]}
        src="editIcon.svg"
        style={
          Object {
            "height": 30,
            "width": 30,
          }
        }
      />
      <img
        alt="delete"
        className="delete-button"
        onClick={[Function]}
        src="xImage.svg"
        style={
          Object {
            "height": 30,
            "width": 30,
          }
        }
      />
      <div>
        <input
          onChange={[Function]}
          placeholder="asdf"
          type="text"
          value=""
        />
        <button
          onClick={[Function]}
        >
          Update Project Name
        </button>
      </div>
    </div>
  </header>
  <Connect(ColorContainer)
    colors={
      Array [
        Object {
          "color": "#fff",
          "isLocked": false,
        },
        Object {
          "color": "#000",
          "isLocked": false,
        },
        Object {
          "color": "#ececec",
          "isLocked": false,
        },
        Object {
          "color": "#aeaeae",
          "isLocked": false,
        },
        Object {
          "color": "#d8d646",
          "isLocked": false,
        },
      ]
    }
    generateNewColors={[Function]}
    updatePalette={[Function]}
  />
  <Connect(ProjectContainer) />
  <div
    className="form-container"
  >
    <Connect(AddNewProjectForm) />
    <Connect(CreatePaletteForm) />
  </div>
</main>
`;
